// Jest Snapshot v1, https://goo.gl/fbAQLP

exports[`SearchBar should render SearchBar correctly 1`] = `
<div>
  <div
    class="group/sidebar-wrapper flex min-h-svh w-full has-[[data-variant=inset]]:bg-sidebar"
    style="--sidebar-width: 16rem; --sidebar-width-icon: 3rem;"
  >
    <script
      nonce=""
    >
      ((e,s,n,m,o,l,u,h)=&gt;{let c=document.documentElement,T=["light","dark"];function p(d){(Array.isArray(e)?e:[e]).forEach(g=&gt;{let k=g==="class",S=k&&l?o.map(f=&gt;l[f]||f):o;k?(c.classList.remove(...S),c.classList.add(d)):c.setAttribute(g,d)}),C(d)}function C(d){h&&T.includes(d)&&(c.style.colorScheme=d)}function a(){return window.matchMedia("(prefers-color-scheme: dark)").matches?"dark":"light"}if(m)p(m);else try{let d=localStorage.getItem(s)||n,g=u&&d==="system"?a():d;p(g)}catch(d){}})("class","theme","system",null,["light","dark"],null,true,true)
    </script>
    <div
      class="relative"
    >
      <button
        class="inline-flex items-center justify-center whitespace-nowrap rounded-md text-sm font-medium ring-offset-background transition-colors focus-visible:outline-none focus-visible:ring-2 focus-visible:ring-ring focus-visible:ring-offset-2 disabled:pointer-events-none disabled:opacity-50 [&_svg]:pointer-events-none [&_svg]:size-4 [&_svg]:shrink-0 border border-input bg-background hover:bg-accent hover:text-accent-foreground h-10 px-4 py-2 w-full gap-2"
      >
        <svg
          aria-label="search icon"
          class="lucide lucide-search mr-2 h-4 w-4"
          fill="none"
          height="24"
          stroke="currentColor"
          stroke-linecap="round"
          stroke-linejoin="round"
          stroke-width="2"
          viewBox="0 0 24 24"
          width="24"
          xmlns="http://www.w3.org/2000/svg"
        >
          <circle
            cx="11"
            cy="11"
            r="8"
          />
          <path
            d="m21 21-4.3-4.3"
          />
        </svg>
        <span>
          Search
        </span>
        <kbd
          aria-label="keyboard shortcut"
          class="pointer-events-none ml-auto inline-flex h-5 select-none items-center gap-1 rounded border bg-muted px-1.5 font-mono text-[10px] font-medium opacity-100"
          role="textbox"
        >
          <span
            class="text-xs"
          >
            âŒ˜
          </span>
          K
        </kbd>
      </button>
    </div>
    <div
      class="fixed bottom-4 right-4 z-50 flex items-center gap-2 rounded-lg bg-background/80 p-2 shadow-sm backdrop-blur-sm"
    />
    <div
      aria-label="Notifications (F8)"
      role="region"
      style="pointer-events: none;"
      tabindex="-1"
    >
      <ol
        class="fixed top-0 z-[100] flex max-h-screen w-full flex-col-reverse p-4 sm:bottom-0 sm:right-0 sm:top-auto sm:flex-col md:max-w-[420px]"
        tabindex="-1"
      />
    </div>
  </div>
</div>
`;
