// Jest Snapshot v1, https://goo.gl/fbAQLP

exports[`AdditionalFeatures should render additional features correctly 1`] = `
<div>
  <div
    class="group/sidebar-wrapper flex min-h-svh w-full has-[[data-variant=inset]]:bg-sidebar"
    style="--sidebar-width: 16rem; --sidebar-width-icon: 3rem;"
  >
    <script
      nonce=""
    >
      ((e,s,n,m,o,l,u,h)=&gt;{let c=document.documentElement,T=["light","dark"];function p(d){(Array.isArray(e)?e:[e]).forEach(g=&gt;{let k=g==="class",S=k&&l?o.map(f=&gt;l[f]||f):o;k?(c.classList.remove(...S),c.classList.add(d)):c.setAttribute(g,d)}),C(d)}function C(d){h&&T.includes(d)&&(c.style.colorScheme=d)}function a(){return window.matchMedia("(prefers-color-scheme: dark)").matches?"dark":"light"}if(m)p(m);else try{let d=localStorage.getItem(s)||n,g=u&&d==="system"?a():d;p(g)}catch(d){}})("class","theme","system",null,["light","dark"],null,true,true)
    </script>
    <div
      class="space-y-4"
    >
      <div
        class="text-sm font-medium"
      >
        Additional Features
      </div>
      <div
        class="grid gap-4"
      >
        <div
          class="grid grid-cols-3 items-center gap-4"
        >
          <label
            class="text-sm font-medium leading-none peer-disabled:cursor-not-allowed peer-disabled:opacity-70"
            for="show-favorites"
          >
            Show Favorites
          </label>
          <div
            class="col-span-2"
          >
            <button
              aria-checked="false"
              class="peer inline-flex h-6 w-11 shrink-0 cursor-pointer items-center rounded-full border-2 border-transparent transition-colors focus-visible:outline-none focus-visible:ring-2 focus-visible:ring-ring focus-visible:ring-offset-2 focus-visible:ring-offset-background disabled:cursor-not-allowed disabled:opacity-50 data-[state=checked]:bg-primary data-[state=unchecked]:bg-input"
              data-state="unchecked"
              id="show-favorites"
              role="switch"
              type="button"
              value="on"
            >
              <span
                class="pointer-events-none block h-5 w-5 rounded-full bg-background shadow-lg ring-0 transition-transform data-[state=checked]:translate-x-5 data-[state=unchecked]:translate-x-0"
                data-state="unchecked"
              />
            </button>
          </div>
        </div>
      </div>
    </div>
    <div
      class="fixed bottom-4 right-4 z-50 flex items-center gap-2 rounded-lg bg-background/80 p-2 shadow-sm backdrop-blur-sm"
    />
    <div
      aria-label="Notifications (F8)"
      role="region"
      style="pointer-events: none;"
      tabindex="-1"
    >
      <ol
        class="fixed top-0 z-[100] flex max-h-screen w-full flex-col-reverse p-4 sm:bottom-0 sm:right-0 sm:top-auto sm:flex-col md:max-w-[420px]"
        tabindex="-1"
      />
    </div>
  </div>
</div>
`;
