// Jest Snapshot v1, https://goo.gl/fbAQLP

exports[`useArchiveActions useArchiveActions should render correctly 1`] = `
{
  "handleToggleArchived": [Function],
  "isArchived": [MockFunction],
  "showArchived": false,
}
`;
