// Jest Snapshot v1, https://goo.gl/fbAQLP

exports[`Home Page should render correctly 1`] = `
<div>
  <script>
    !function(){try{var d=document.documentElement,c=d.classList;c.remove('light','dark');var e=localStorage.getItem('theme');if('system'===e||(!e&&true)){var t='(prefers-color-scheme: dark)',m=window.matchMedia(t);if(m.media!==t||m.matches){d.style.colorScheme = 'dark';c.add('dark')}else{d.style.colorScheme = 'light';c.add('light')}}else if(e){c.add(e|| '')}if(e==='light'||e==='dark')d.style.colorScheme=e}catch(e){}}()
  </script>
  <div
    class="group/sidebar-wrapper flex min-h-svh w-full has-[[data-variant=inset]]:bg-sidebar"
    style="--sidebar-width: 16rem; --sidebar-width-icon: 3rem;"
  >
    <div
      class="group/sidebar-wrapper flex min-h-svh w-full has-[[data-variant=inset]]:bg-sidebar"
      style="--sidebar-width: 16rem; --sidebar-width-icon: 3rem;"
    >
      <div
        class="group peer hidden md:block text-sidebar-foreground"
        data-collapsible=""
        data-side="left"
        data-state="expanded"
        data-variant="sidebar"
      >
        <div
          class="duration-200 relative h-svh w-[--sidebar-width] bg-transparent transition-[width] ease-linear group-data-[collapsible=offcanvas]:w-0 group-data-[side=right]:rotate-180 group-data-[collapsible=icon]:w-[--sidebar-width-icon]"
        />
        <div
          class="duration-200 fixed inset-y-0 z-10 hidden h-svh w-[--sidebar-width] transition-[left,right,width] ease-linear md:flex left-0 group-data-[collapsible=offcanvas]:left-[calc(var(--sidebar-width)*-1)] group-data-[collapsible=icon]:w-[--sidebar-width-icon] group-data-[side=left]:border-r group-data-[side=right]:border-l border-r-0"
        >
          <div
            class="flex h-full w-full flex-col bg-sidebar group-data-[variant=floating]:rounded-lg group-data-[variant=floating]:border group-data-[variant=floating]:border-sidebar-border group-data-[variant=floating]:shadow"
            data-sidebar="sidebar"
          >
            <div
              class="flex flex-col gap-2 p-2"
              data-sidebar="header"
            >
              <ul
                class="flex w-full min-w-0 flex-col gap-1"
                data-sidebar="menu"
              >
                <li
                  class="group/menu-item relative"
                  data-sidebar="menu-item"
                >
                  <button
                    class="peer/menu-button flex items-center gap-2 overflow-hidden rounded-md p-2 text-left outline-none ring-sidebar-ring transition-[width,height,padding] focus-visible:ring-2 active:bg-sidebar-accent active:text-sidebar-accent-foreground disabled:pointer-events-none disabled:opacity-50 group-has-[[data-sidebar=menu-action]]/menu-item:pr-8 aria-disabled:pointer-events-none aria-disabled:opacity-50 data-[active=true]:bg-sidebar-accent data-[active=true]:font-medium data-[active=true]:text-sidebar-accent-foreground data-[state=open]:hover:bg-sidebar-accent data-[state=open]:hover:text-sidebar-accent-foreground group-data-[collapsible=icon]:!size-8 group-data-[collapsible=icon]:!p-2 [&>span:last-child]:truncate [&>svg]:size-4 [&>svg]:shrink-0 hover:bg-sidebar-accent hover:text-sidebar-accent-foreground h-8 text-sm w-fit px-1.5"
                    data-active="false"
                    data-sidebar="menu-button"
                    data-size="default"
                  >
                    <div
                      class="flex aspect-square size-8 items-center justify-center rounded-lg bg-sidebar-primary text-sidebar-primary-foreground"
                    >
                      <svg
                        class="lucide lucide-book-marked size-4"
                        fill="none"
                        height="24"
                        stroke="currentColor"
                        stroke-linecap="round"
                        stroke-linejoin="round"
                        stroke-width="2"
                        viewBox="0 0 24 24"
                        width="24"
                        xmlns="http://www.w3.org/2000/svg"
                      >
                        <path
                          d="M4 19.5v-15A2.5 2.5 0 0 1 6.5 2H20v20H6.5a2.5 2.5 0 0 1 0-5H20"
                        />
                        <polyline
                          points="10 2 10 10 13 7 16 10 16 2"
                        />
                      </svg>
                    </div>
                    <span
                      class="truncate font-semibold"
                    />
                  </button>
                </li>
              </ul>
              <div
                class="relative flex w-full min-w-0 flex-col p-2 border-t"
                data-sidebar="group"
              >
                <ul
                  class="flex w-full min-w-0 flex-col gap-1"
                  data-sidebar="menu"
                >
                  <li
                    class="group/menu-item relative"
                    data-sidebar="menu-item"
                  >
                    <button
                      aria-expanded="false"
                      aria-haspopup="menu"
                      class="peer/menu-button flex w-full items-center gap-2 overflow-hidden rounded-md p-2 text-left outline-none ring-sidebar-ring transition-[width,height,padding] focus-visible:ring-2 active:bg-sidebar-accent active:text-sidebar-accent-foreground disabled:pointer-events-none disabled:opacity-50 group-has-[[data-sidebar=menu-action]]/menu-item:pr-8 aria-disabled:pointer-events-none aria-disabled:opacity-50 data-[active=true]:bg-sidebar-accent data-[active=true]:font-medium data-[active=true]:text-sidebar-accent-foreground data-[state=open]:hover:bg-sidebar-accent data-[state=open]:hover:text-sidebar-accent-foreground group-data-[collapsible=icon]:!size-8 group-data-[collapsible=icon]:!p-2 [&>span:last-child]:truncate [&>svg]:size-4 [&>svg]:shrink-0 hover:bg-sidebar-accent h-8 text-sm hover:text-foreground data-[state=open]:bg-sidebar-accent data-[state=open]:text-sidebar-accent-foreground"
                      data-active="false"
                      data-sidebar="menu-button"
                      data-size="default"
                      data-state="closed"
                      id="radix-:rd:"
                      type="button"
                    >
                      <span
                        class="text-sm"
                      >
                        Switch Environment
                      </span>
                      <svg
                        class="lucide lucide-chevrons-up-down ml-2 size-4"
                        fill="none"
                        height="24"
                        stroke="currentColor"
                        stroke-linecap="round"
                        stroke-linejoin="round"
                        stroke-width="2"
                        viewBox="0 0 24 24"
                        width="24"
                        xmlns="http://www.w3.org/2000/svg"
                      >
                        <path
                          d="m7 15 5 5 5-5"
                        />
                        <path
                          d="m7 9 5-5 5 5"
                        />
                      </svg>
                    </button>
                  </li>
                </ul>
              </div>
              <div
                class="relative"
              >
                <button
                  class="inline-flex items-center justify-center whitespace-nowrap rounded-md text-sm font-medium ring-offset-background transition-colors focus-visible:outline-none focus-visible:ring-2 focus-visible:ring-ring focus-visible:ring-offset-2 disabled:pointer-events-none disabled:opacity-50 [&_svg]:pointer-events-none [&_svg]:size-4 [&_svg]:shrink-0 border border-input bg-background hover:bg-accent hover:text-accent-foreground h-10 px-4 py-2 w-full gap-2"
                >
                  <svg
                    aria-label="search icon"
                    class="lucide lucide-search h-4 w-4"
                    fill="none"
                    height="24"
                    stroke="currentColor"
                    stroke-linecap="round"
                    stroke-linejoin="round"
                    stroke-width="2"
                    viewBox="0 0 24 24"
                    width="24"
                    xmlns="http://www.w3.org/2000/svg"
                  >
                    <circle
                      cx="11"
                      cy="11"
                      r="8"
                    />
                    <path
                      d="m21 21-4.3-4.3"
                    />
                  </svg>
                  <span>
                    Search
                  </span>
                  <kbd
                    aria-label="keyboard shortcut"
                    class="pointer-events-none ml-auto inline-flex h-5 select-none items-center gap-1 rounded border bg-muted px-1.5 font-mono text-[10px] font-medium opacity-100"
                    role="textbox"
                  >
                    <span
                      class="text-xs"
                    >
                      âŒ˜
                    </span>
                    K
                  </kbd>
                </button>
              </div>
            </div>
            <div
              class="flex min-h-0 flex-1 flex-col gap-2 overflow-auto group-data-[collapsible=icon]:overflow-hidden"
              data-sidebar="content"
            >
              <div
                class="relative flex w-full min-w-0 flex-col p-2"
                data-sidebar="group"
              >
                <div
                  class="duration-200 flex h-8 shrink-0 items-center rounded-md px-2 text-xs font-medium text-sidebar-foreground/70 outline-none ring-sidebar-ring transition-[margin,opa] ease-linear focus-visible:ring-2 [&>svg]:size-4 [&>svg]:shrink-0 group-data-[collapsible=icon]:-mt-8 group-data-[collapsible=icon]:opacity-0 group-data-[collapsible=icon]:hidden"
                  data-sidebar="group-label"
                >
                  Main
                </div>
                <ul
                  class="flex w-full min-w-0 flex-col gap-1"
                  data-sidebar="menu"
                >
                  <li
                    class="group/menu-item relative"
                    data-sidebar="menu-item"
                  >
                    <a
                      class="peer/menu-button flex w-full items-center gap-2 overflow-hidden rounded-md p-2 text-left outline-none ring-sidebar-ring transition-[width,height,padding] focus-visible:ring-2 active:bg-sidebar-accent active:text-sidebar-accent-foreground disabled:pointer-events-none disabled:opacity-50 group-has-[[data-sidebar=menu-action]]/menu-item:pr-8 aria-disabled:pointer-events-none aria-disabled:opacity-50 data-[active=true]:bg-sidebar-accent data-[active=true]:font-medium data-[active=true]:text-sidebar-accent-foreground data-[state=open]:hover:bg-sidebar-accent data-[state=open]:hover:text-sidebar-accent-foreground group-data-[collapsible=icon]:!size-8 group-data-[collapsible=icon]:!p-2 [&>span:last-child]:truncate [&>svg]:size-4 [&>svg]:shrink-0 hover:bg-sidebar-accent hover:text-sidebar-accent-foreground h-8 text-sm flex-1 flex items-center"
                      data-active="true"
                      data-sidebar="menu-button"
                      data-size="default"
                      data-state="closed"
                      href="undefined"
                    >
                      <div
                        class="flex h-4 w-4 items-center justify-center"
                      >
                        <svg
                          class="lucide lucide-home h-4 w-4"
                          fill="none"
                          height="24"
                          stroke="currentColor"
                          stroke-linecap="round"
                          stroke-linejoin="round"
                          stroke-width="2"
                          viewBox="0 0 24 24"
                          width="24"
                          xmlns="http://www.w3.org/2000/svg"
                        >
                          <path
                            d="m3 9 9-7 9 7v11a2 2 0 0 1-2 2H5a2 2 0 0 1-2-2z"
                          />
                          <polyline
                            points="9 22 9 12 15 12 15 22"
                          />
                        </svg>
                      </div>
                      <span
                        class="group-data-[collapsible=icon]:hidden"
                      >
                        Home
                      </span>
                    </a>
                  </li>
                  <li
                    class="group/menu-item relative"
                    data-sidebar="menu-item"
                  >
                    <a
                      class="peer/menu-button flex w-full items-center gap-2 overflow-hidden rounded-md p-2 text-left outline-none ring-sidebar-ring transition-[width,height,padding] focus-visible:ring-2 active:bg-sidebar-accent active:text-sidebar-accent-foreground disabled:pointer-events-none disabled:opacity-50 group-has-[[data-sidebar=menu-action]]/menu-item:pr-8 aria-disabled:pointer-events-none aria-disabled:opacity-50 data-[active=true]:bg-sidebar-accent data-[active=true]:font-medium data-[active=true]:text-sidebar-accent-foreground data-[state=open]:hover:bg-sidebar-accent data-[state=open]:hover:text-sidebar-accent-foreground group-data-[collapsible=icon]:!size-8 group-data-[collapsible=icon]:!p-2 [&>span:last-child]:truncate [&>svg]:size-4 [&>svg]:shrink-0 hover:bg-sidebar-accent hover:text-sidebar-accent-foreground h-8 text-sm flex-1 flex items-center"
                      data-active="false"
                      data-sidebar="menu-button"
                      data-size="default"
                      data-state="closed"
                      href="undefined/recent"
                    >
                      <div
                        class="flex h-4 w-4 items-center justify-center"
                      >
                        <svg
                          class="lucide lucide-clock h-4 w-4"
                          fill="none"
                          height="24"
                          stroke="currentColor"
                          stroke-linecap="round"
                          stroke-linejoin="round"
                          stroke-width="2"
                          viewBox="0 0 24 24"
                          width="24"
                          xmlns="http://www.w3.org/2000/svg"
                        >
                          <circle
                            cx="12"
                            cy="12"
                            r="10"
                          />
                          <polyline
                            points="12 6 12 12 16 14"
                          />
                        </svg>
                      </div>
                      <span
                        class="group-data-[collapsible=icon]:hidden"
                      >
                        Recently Added
                      </span>
                    </a>
                  </li>
                  <li
                    class="group/menu-item relative"
                    data-sidebar="menu-item"
                  >
                    <a
                      class="peer/menu-button flex w-full items-center gap-2 overflow-hidden rounded-md p-2 text-left outline-none ring-sidebar-ring transition-[width,height,padding] focus-visible:ring-2 active:bg-sidebar-accent active:text-sidebar-accent-foreground disabled:pointer-events-none disabled:opacity-50 group-has-[[data-sidebar=menu-action]]/menu-item:pr-8 aria-disabled:pointer-events-none aria-disabled:opacity-50 data-[active=true]:bg-sidebar-accent data-[active=true]:font-medium data-[active=true]:text-sidebar-accent-foreground data-[state=open]:hover:bg-sidebar-accent data-[state=open]:hover:text-sidebar-accent-foreground group-data-[collapsible=icon]:!size-8 group-data-[collapsible=icon]:!p-2 [&>span:last-child]:truncate [&>svg]:size-4 [&>svg]:shrink-0 hover:bg-sidebar-accent hover:text-sidebar-accent-foreground h-8 text-sm flex-1 flex items-center"
                      data-active="false"
                      data-sidebar="menu-button"
                      data-size="default"
                      data-state="closed"
                      href="undefined/analytics"
                    >
                      <div
                        class="flex h-4 w-4 items-center justify-center"
                      >
                        <svg
                          class="lucide lucide-bar-chart3 h-4 w-4"
                          fill="none"
                          height="24"
                          stroke="currentColor"
                          stroke-linecap="round"
                          stroke-linejoin="round"
                          stroke-width="2"
                          viewBox="0 0 24 24"
                          width="24"
                          xmlns="http://www.w3.org/2000/svg"
                        >
                          <path
                            d="M3 3v18h18"
                          />
                          <path
                            d="M18 17V9"
                          />
                          <path
                            d="M13 17V5"
                          />
                          <path
                            d="M8 17v-3"
                          />
                        </svg>
                      </div>
                      <span
                        class="group-data-[collapsible=icon]:hidden"
                      >
                        Analytics
                      </span>
                    </a>
                  </li>
                </ul>
              </div>
              <div
                class="relative flex w-full min-w-0 flex-col p-2 mt-auto border-t pt-4 group-data-[collapsible=icon]:hidden"
                data-sidebar="group"
              >
                <div
                  class="duration-200 flex h-8 shrink-0 items-center rounded-md px-2 text-xs font-medium text-sidebar-foreground/70 outline-none ring-sidebar-ring transition-[margin,opa] ease-linear focus-visible:ring-2 [&>svg]:size-4 [&>svg]:shrink-0 group-data-[collapsible=icon]:-mt-8 group-data-[collapsible=icon]:opacity-0"
                  data-sidebar="group-label"
                >
                  Support
                </div>
                <ul
                  class="flex w-full min-w-0 flex-col gap-1"
                  data-sidebar="menu"
                >
                  <li
                    class="group/menu-item relative"
                    data-sidebar="menu-item"
                  >
                    <a
                      class="peer/menu-button flex w-full items-center gap-2 overflow-hidden rounded-md p-2 text-left outline-none ring-sidebar-ring transition-[width,height,padding] focus-visible:ring-2 active:bg-sidebar-accent active:text-sidebar-accent-foreground disabled:pointer-events-none disabled:opacity-50 group-has-[[data-sidebar=menu-action]]/menu-item:pr-8 aria-disabled:pointer-events-none aria-disabled:opacity-50 data-[active=true]:bg-sidebar-accent data-[active=true]:font-medium data-[active=true]:text-sidebar-accent-foreground data-[state=open]:hover:bg-sidebar-accent data-[state=open]:hover:text-sidebar-accent-foreground group-data-[collapsible=icon]:!size-8 group-data-[collapsible=icon]:!p-2 [&>span:last-child]:truncate [&>svg]:size-4 [&>svg]:shrink-0 hover:bg-sidebar-accent hover:text-sidebar-accent-foreground h-8 text-sm"
                      data-active="false"
                      data-sidebar="menu-button"
                      data-size="default"
                      href="https://linksbase.app/sponsor"
                      rel="noopener noreferrer"
                      target="_blank"
                      title="Support this project"
                    >
                      <svg
                        class="lucide lucide-heart size-4"
                        fill="none"
                        height="24"
                        stroke="currentColor"
                        stroke-linecap="round"
                        stroke-linejoin="round"
                        stroke-width="2"
                        viewBox="0 0 24 24"
                        width="24"
                        xmlns="http://www.w3.org/2000/svg"
                      >
                        <path
                          d="M19 14c1.49-1.46 3-3.21 3-5.5A5.5 5.5 0 0 0 16.5 3c-1.76 0-3 .5-4.5 2-1.5-1.5-2.74-2-4.5-2A5.5 5.5 0 0 0 2 8.5c0 2.3 1.5 4.05 3 5.5l7 7Z"
                        />
                      </svg>
                      <span>
                        Support Project
                      </span>
                    </a>
                  </li>
                </ul>
              </div>
            </div>
            <button
              aria-label="Toggle Sidebar"
              class="absolute inset-y-0 z-20 hidden w-4 -translate-x-1/2 transition-all ease-linear after:absolute after:inset-y-0 after:left-1/2 after:w-[2px] hover:after:bg-sidebar-border group-data-[side=left]:-right-4 group-data-[side=right]:left-0 sm:flex [[data-side=left]_&]:cursor-w-resize [[data-side=right]_&]:cursor-e-resize [[data-side=left][data-state=collapsed]_&]:cursor-e-resize [[data-side=right][data-state=collapsed]_&]:cursor-w-resize group-data-[collapsible=offcanvas]:translate-x-0 group-data-[collapsible=offcanvas]:after:left-full group-data-[collapsible=offcanvas]:hover:bg-sidebar [[data-side=left][data-collapsible=offcanvas]_&]:-right-2 [[data-side=right][data-collapsible=offcanvas]_&]:-left-2"
              data-sidebar="rail"
              tabindex="-1"
              title="Toggle Sidebar"
            />
            <div
              class="mt-auto p-4 text-center text-xs text-muted-foreground"
            >
              v
              1.0.0
            </div>
          </div>
        </div>
      </div>
      <main
        class="relative flex min-h-svh flex-1 flex-col bg-background peer-data-[variant=inset]:min-h-[calc(100svh-theme(spacing.4))] md:peer-data-[variant=inset]:m-2 md:peer-data-[state=collapsed]:peer-data-[variant=inset]:ml-2 md:peer-data-[variant=inset]:ml-0 md:peer-data-[variant=inset]:rounded-xl md:peer-data-[variant=inset]:shadow"
      >
        <header
          class="flex h-14 shrink-0 items-center gap-2 border-b bg-white px-6 dark:border-gray-800 dark:bg-gray-900 sticky top-0 z-50 w-full  backdrop-blur-sm"
        >
          <div
            class="flex flex-1 items-center gap-2 px-3"
          >
            <button
              class="inline-flex items-center justify-center gap-2 whitespace-nowrap rounded-md text-sm font-medium ring-offset-background transition-colors focus-visible:outline-none focus-visible:ring-2 focus-visible:ring-ring focus-visible:ring-offset-2 disabled:pointer-events-none disabled:opacity-50 [&_svg]:pointer-events-none [&_svg]:size-4 [&_svg]:shrink-0 hover:bg-accent hover:text-accent-foreground h-7 w-7"
              data-sidebar="trigger"
            >
              <svg
                class="lucide lucide-panel-left"
                fill="none"
                height="24"
                stroke="currentColor"
                stroke-linecap="round"
                stroke-linejoin="round"
                stroke-width="2"
                viewBox="0 0 24 24"
                width="24"
                xmlns="http://www.w3.org/2000/svg"
              >
                <rect
                  height="18"
                  rx="2"
                  width="18"
                  x="3"
                  y="3"
                />
                <path
                  d="M9 3v18"
                />
              </svg>
              <span
                class="sr-only"
              >
                Toggle Sidebar
              </span>
            </button>
          </div>
          <div
            class="ml-auto"
          >
            <nav>
              <div
                class="mx-auto flex max-w-7xl items-center justify-between pl-4 py-3"
              >
                <div
                  class="flex items-center gap-4"
                >
                  <div
                    class="ml-auto flex gap-2"
                  >
                    <button
                      aria-controls="radix-:ri:"
                      aria-expanded="false"
                      aria-haspopup="dialog"
                      class="inline-flex items-center justify-center gap-2 whitespace-nowrap rounded-md text-sm font-medium ring-offset-background transition-colors focus-visible:outline-none focus-visible:ring-2 focus-visible:ring-ring focus-visible:ring-offset-2 disabled:pointer-events-none disabled:opacity-50 [&_svg]:pointer-events-none [&_svg]:size-4 [&_svg]:shrink-0 border border-input bg-background hover:bg-accent hover:text-accent-foreground h-10 w-10"
                      data-state="closed"
                      type="button"
                    >
                      <svg
                        class="lucide lucide-settings2 h-5 w-5"
                        fill="none"
                        height="24"
                        stroke="currentColor"
                        stroke-linecap="round"
                        stroke-linejoin="round"
                        stroke-width="2"
                        viewBox="0 0 24 24"
                        width="24"
                        xmlns="http://www.w3.org/2000/svg"
                      >
                        <path
                          d="M20 7h-9"
                        />
                        <path
                          d="M14 17H5"
                        />
                        <circle
                          cx="17"
                          cy="17"
                          r="3"
                        />
                        <circle
                          cx="7"
                          cy="7"
                          r="3"
                        />
                      </svg>
                    </button>
                    <button
                      aria-expanded="false"
                      aria-haspopup="menu"
                      class="inline-flex items-center justify-center gap-2 whitespace-nowrap rounded-md text-sm font-medium ring-offset-background transition-colors focus-visible:outline-none focus-visible:ring-2 focus-visible:ring-ring focus-visible:ring-offset-2 disabled:pointer-events-none disabled:opacity-50 [&_svg]:pointer-events-none [&_svg]:size-4 [&_svg]:shrink-0 border border-input bg-background hover:bg-accent hover:text-accent-foreground h-10 w-10"
                      data-state="closed"
                      id="radix-:rj:"
                      type="button"
                    >
                      <svg
                        class="lucide lucide-sun h-[1.2rem] w-[1.2rem] rotate-0 scale-100 transition-all dark:-rotate-90 dark:scale-0"
                        fill="none"
                        height="24"
                        stroke="currentColor"
                        stroke-linecap="round"
                        stroke-linejoin="round"
                        stroke-width="2"
                        viewBox="0 0 24 24"
                        width="24"
                        xmlns="http://www.w3.org/2000/svg"
                      >
                        <circle
                          cx="12"
                          cy="12"
                          r="4"
                        />
                        <path
                          d="M12 2v2"
                        />
                        <path
                          d="M12 20v2"
                        />
                        <path
                          d="m4.93 4.93 1.41 1.41"
                        />
                        <path
                          d="m17.66 17.66 1.41 1.41"
                        />
                        <path
                          d="M2 12h2"
                        />
                        <path
                          d="M20 12h2"
                        />
                        <path
                          d="m6.34 17.66-1.41 1.41"
                        />
                        <path
                          d="m19.07 4.93-1.41 1.41"
                        />
                      </svg>
                      <svg
                        class="lucide lucide-moon absolute h-[1.2rem] w-[1.2rem] rotate-90 scale-0 transition-all dark:rotate-0 dark:scale-100"
                        fill="none"
                        height="24"
                        stroke="currentColor"
                        stroke-linecap="round"
                        stroke-linejoin="round"
                        stroke-width="2"
                        viewBox="0 0 24 24"
                        width="24"
                        xmlns="http://www.w3.org/2000/svg"
                      >
                        <path
                          d="M12 3a6 6 0 0 0 9 9 9 9 0 1 1-9-9Z"
                        />
                      </svg>
                      <span
                        class="sr-only"
                      >
                        Toggle theme
                      </span>
                    </button>
                  </div>
                </div>
              </div>
            </nav>
          </div>
        </header>
        <main
          class="flex min-h-screen flex-col"
        >
          <div
            class="p-6 md:p-10"
          >
            <div
              class="flex items-center justify-between mb-6"
            >
              <div
                class="flex items-center justify-between"
              >
                <div
                  class="flex items-start gap-3"
                >
                  <div
                    class="hidden md:flex h-10 w-10 shrink-0 items-center justify-center rounded-md border bg-muted mt-1"
                  >
                    <svg
                      class="lucide lucide-home h-6 w-6"
                      fill="none"
                      height="24"
                      stroke="currentColor"
                      stroke-linecap="round"
                      stroke-linejoin="round"
                      stroke-width="2"
                      viewBox="0 0 24 24"
                      width="24"
                      xmlns="http://www.w3.org/2000/svg"
                    >
                      <path
                        d="m3 9 9-7 9 7v11a2 2 0 0 1-2 2H5a2 2 0 0 1-2-2z"
                      />
                      <polyline
                        points="9 22 9 12 15 12 15 22"
                      />
                    </svg>
                  </div>
                  <div>
                    <h1
                      class="text-3xl font-bold"
                    >
                      Home
                    </h1>
                    <p
                      class="text-muted-foreground"
                    >
                      Manage and access your bookmarks
                    </p>
                  </div>
                </div>
              </div>
              <button
                aria-expanded="false"
                aria-haspopup="menu"
                aria-label="Export Bookmarks"
                class="justify-center whitespace-nowrap text-sm font-medium ring-offset-background transition-colors focus-visible:outline-none focus-visible:ring-2 focus-visible:ring-ring focus-visible:ring-offset-2 disabled:pointer-events-none disabled:opacity-50 [&_svg]:pointer-events-none [&_svg]:size-4 [&_svg]:shrink-0 border border-input bg-background hover:bg-accent hover:text-accent-foreground h-9 rounded-md px-3 flex items-center gap-2"
                data-state="closed"
                disabled=""
                id="radix-:rl:"
                type="button"
              >
                <svg
                  class="lucide lucide-download h-5 w-5"
                  fill="none"
                  height="24"
                  stroke="currentColor"
                  stroke-linecap="round"
                  stroke-linejoin="round"
                  stroke-width="2"
                  viewBox="0 0 24 24"
                  width="24"
                  xmlns="http://www.w3.org/2000/svg"
                >
                  <path
                    d="M21 15v4a2 2 0 0 1-2 2H5a2 2 0 0 1-2-2v-4"
                  />
                  <polyline
                    points="7 10 12 15 17 10"
                  />
                  <line
                    x1="12"
                    x2="12"
                    y1="15"
                    y2="3"
                  />
                </svg>
                Export Bookmarks
              </button>
            </div>
            <div
              class="mb-8"
            >
              <h2
                class="text-lg font-semibold mb-4 flex items-center"
              >
                <svg
                  class="lucide lucide-pin mr-2 h-4 w-4"
                  fill="none"
                  height="24"
                  stroke="currentColor"
                  stroke-linecap="round"
                  stroke-linejoin="round"
                  stroke-width="2"
                  viewBox="0 0 24 24"
                  width="24"
                  xmlns="http://www.w3.org/2000/svg"
                >
                  <line
                    x1="12"
                    x2="12"
                    y1="17"
                    y2="22"
                  />
                  <path
                    d="M5 17h14v-1.76a2 2 0 0 0-1.11-1.79l-1.78-.9A2 2 0 0 1 15 10.76V6h1a2 2 0 0 0 0-4H8a2 2 0 0 0 0 4h1v4.76a2 2 0 0 1-1.11 1.79l-1.78.9A2 2 0 0 0 5 15.24Z"
                  />
                </svg>
                Pinned Links
              </h2>
              <div
                aria-label="No pinned links"
                class="flex min-h-[100px] flex-col items-center justify-center rounded-lg border border-dashed border-gray-300 bg-gray-50/50 px-5 py-5 text-center dark:border-gray-800 dark:bg-gray-950/50 "
                role="status"
              >
                <svg
                  aria-hidden="true"
                  class="lucide lucide-link mb-3 h-10 w-10 text-gray-400 dark:text-gray-600"
                  fill="none"
                  height="24"
                  stroke="currentColor"
                  stroke-linecap="round"
                  stroke-linejoin="round"
                  stroke-width="2"
                  viewBox="0 0 24 24"
                  width="24"
                  xmlns="http://www.w3.org/2000/svg"
                >
                  <path
                    d="M10 13a5 5 0 0 0 7.54.54l3-3a5 5 0 0 0-7.07-7.07l-1.72 1.71"
                  />
                  <path
                    d="M14 11a5 5 0 0 0-7.54-.54l-3 3a5 5 0 0 0 7.07 7.07l1.71-1.71"
                  />
                </svg>
                <h3
                  class="mb-2 text-lg font-medium text-gray-900 dark:text-gray-100"
                >
                  No pinned links
                </h3>
                <p
                  class="mb-3 text-sm text-gray-500 dark:text-gray-400"
                >
                  Pinned links will appear here
                </p>
              </div>
            </div>
            <div
              class="space-y-6"
            >
              <div
                class="flex items-center justify-between"
              >
                <h2
                  class="text-2xl font-semibold tracking-tight"
                >
                  Links
                </h2>
              </div>
              <div
                aria-label="No links found"
                class="flex min-h-[400px] flex-col items-center justify-center rounded-lg border border-dashed border-gray-300 bg-gray-50/50 px-5 py-5 text-center dark:border-gray-800 dark:bg-gray-950/50 "
                role="status"
              >
                <svg
                  aria-hidden="true"
                  class="lucide lucide-link mb-3 h-10 w-10 text-gray-400 dark:text-gray-600"
                  fill="none"
                  height="24"
                  stroke="currentColor"
                  stroke-linecap="round"
                  stroke-linejoin="round"
                  stroke-width="2"
                  viewBox="0 0 24 24"
                  width="24"
                  xmlns="http://www.w3.org/2000/svg"
                >
                  <path
                    d="M10 13a5 5 0 0 0 7.54.54l3-3a5 5 0 0 0-7.07-7.07l-1.72 1.71"
                  />
                  <path
                    d="M14 11a5 5 0 0 0-7.54-.54l-3 3a5 5 0 0 0 7.07 7.07l1.71-1.71"
                  />
                </svg>
                <h3
                  class="mb-2 text-lg font-medium text-gray-900 dark:text-gray-100"
                >
                  No links found
                </h3>
                <p
                  class="mb-3 text-sm text-gray-500 dark:text-gray-400"
                >
                  Request a new link to be added
                </p>
              </div>
            </div>
          </div>
        </main>
      </main>
    </div>
  </div>
</div>
`;
